// Jest Snapshot v1, https://goo.gl/fbAQLP

exports[`Taking Count snapshot 1`] = `
<div>
  <button>
    <span
      class="reply-count"
    >
      21
    </span>
     Replies
  </button>
</div>
`;
